03-May-2025 15:59:49.416 SEVERE [http-nio-8080-exec-5] org.apache.catalina.core.StandardWrapperValve.invoke Servlet.service() for servlet [jsp] in context with path [/OOP-projectnew] threw exception [Unable to compile class for JSP: 

An error occurred at line: [64] in the jsp file: [/navbar.jsp]
Syntax error, insert "Finally" to complete TryStatement
61:     <a href="signin.jsp" class="beautiful-button signin-button">Sign In</a>
62:     <a href="register.jsp" class="beautiful-button signup-button">Sign Up</a>
63:   </div>
64:   <% } %>
65: </nav>
66: <script src="js/dashboard.js"></script>


An error occurred at line: [500] in the generated java file: [C:\Users\OSHADHA\IdeaProjects\OOP-projectnew\work\Catalina\localhost\OOP-projectnew\org\apache\jsp\front_jsp.java]
Syntax error on token "catch", Identifier expected

An error occurred at line: [502] in the generated java file: [C:\Users\OSHADHA\IdeaProjects\OOP-projectnew\work\Catalina\localhost\OOP-projectnew\org\apache\jsp\front_jsp.java]
out cannot be resolved to a variable

An error occurred at line: [502] in the generated java file: [C:\Users\OSHADHA\IdeaProjects\OOP-projectnew\work\Catalina\localhost\OOP-projectnew\org\apache\jsp\front_jsp.java]
_jspx_out cannot be resolved to a variable

An error occurred at line: [503] in the generated java file: [C:\Users\OSHADHA\IdeaProjects\OOP-projectnew\work\Catalina\localhost\OOP-projectnew\org\apache\jsp\front_jsp.java]
out cannot be resolved to a variable

An error occurred at line: [503] in the generated java file: [C:\Users\OSHADHA\IdeaProjects\OOP-projectnew\work\Catalina\localhost\OOP-projectnew\org\apache\jsp\front_jsp.java]
out cannot be resolved

An error occurred at line: [505] in the generated java file: [C:\Users\OSHADHA\IdeaProjects\OOP-projectnew\work\Catalina\localhost\OOP-projectnew\org\apache\jsp\front_jsp.java]
response cannot be resolved

An error occurred at line: [506] in the generated java file: [C:\Users\OSHADHA\IdeaProjects\OOP-projectnew\work\Catalina\localhost\OOP-projectnew\org\apache\jsp\front_jsp.java]
out cannot be resolved

An error occurred at line: [508] in the generated java file: [C:\Users\OSHADHA\IdeaProjects\OOP-projectnew\work\Catalina\localhost\OOP-projectnew\org\apache\jsp\front_jsp.java]
out cannot be resolved

An error occurred at line: [511] in the generated java file: [C:\Users\OSHADHA\IdeaProjects\OOP-projectnew\work\Catalina\localhost\OOP-projectnew\org\apache\jsp\front_jsp.java]
_jspx_page_context cannot be resolved to a variable

An error occurred at line: [511] in the generated java file: [C:\Users\OSHADHA\IdeaProjects\OOP-projectnew\work\Catalina\localhost\OOP-projectnew\org\apache\jsp\front_jsp.java]
_jspx_page_context cannot be resolved

An error occurred at line: [514] in the generated java file: [C:\Users\OSHADHA\IdeaProjects\OOP-projectnew\work\Catalina\localhost\OOP-projectnew\org\apache\jsp\front_jsp.java]
Syntax error on token "finally", { expected

An error occurred at line: [515] in the generated java file: [C:\Users\OSHADHA\IdeaProjects\OOP-projectnew\work\Catalina\localhost\OOP-projectnew\org\apache\jsp\front_jsp.java]
_jspx_page_context cannot be resolved to a variable

Stacktrace:] with root cause
	org.apache.jasper.JasperException: Unable to compile class for JSP: 

An error occurred at line: [64] in the jsp file: [/navbar.jsp]
Syntax error, insert "Finally" to complete TryStatement
61:     <a href="signin.jsp" class="beautiful-button signin-button">Sign In</a>
62:     <a href="register.jsp" class="beautiful-button signup-button">Sign Up</a>
63:   </div>
64:   <% } %>
65: </nav>
66: <script src="js/dashboard.js"></script>


An error occurred at line: [500] in the generated java file: [C:\Users\OSHADHA\IdeaProjects\OOP-projectnew\work\Catalina\localhost\OOP-projectnew\org\apache\jsp\front_jsp.java]
Syntax error on token "catch", Identifier expected

An error occurred at line: [502] in the generated java file: [C:\Users\OSHADHA\IdeaProjects\OOP-projectnew\work\Catalina\localhost\OOP-projectnew\org\apache\jsp\front_jsp.java]
out cannot be resolved to a variable

An error occurred at line: [502] in the generated java file: [C:\Users\OSHADHA\IdeaProjects\OOP-projectnew\work\Catalina\localhost\OOP-projectnew\org\apache\jsp\front_jsp.java]
_jspx_out cannot be resolved to a variable

An error occurred at line: [503] in the generated java file: [C:\Users\OSHADHA\IdeaProjects\OOP-projectnew\work\Catalina\localhost\OOP-projectnew\org\apache\jsp\front_jsp.java]
out cannot be resolved to a variable

An error occurred at line: [503] in the generated java file: [C:\Users\OSHADHA\IdeaProjects\OOP-projectnew\work\Catalina\localhost\OOP-projectnew\org\apache\jsp\front_jsp.java]
out cannot be resolved

An error occurred at line: [505] in the generated java file: [C:\Users\OSHADHA\IdeaProjects\OOP-projectnew\work\Catalina\localhost\OOP-projectnew\org\apache\jsp\front_jsp.java]
response cannot be resolved

An error occurred at line: [506] in the generated java file: [C:\Users\OSHADHA\IdeaProjects\OOP-projectnew\work\Catalina\localhost\OOP-projectnew\org\apache\jsp\front_jsp.java]
out cannot be resolved

An error occurred at line: [508] in the generated java file: [C:\Users\OSHADHA\IdeaProjects\OOP-projectnew\work\Catalina\localhost\OOP-projectnew\org\apache\jsp\front_jsp.java]
out cannot be resolved

An error occurred at line: [511] in the generated java file: [C:\Users\OSHADHA\IdeaProjects\OOP-projectnew\work\Catalina\localhost\OOP-projectnew\org\apache\jsp\front_jsp.java]
_jspx_page_context cannot be resolved to a variable

An error occurred at line: [511] in the generated java file: [C:\Users\OSHADHA\IdeaProjects\OOP-projectnew\work\Catalina\localhost\OOP-projectnew\org\apache\jsp\front_jsp.java]
_jspx_page_context cannot be resolved

An error occurred at line: [514] in the generated java file: [C:\Users\OSHADHA\IdeaProjects\OOP-projectnew\work\Catalina\localhost\OOP-projectnew\org\apache\jsp\front_jsp.java]
Syntax error on token "finally", { expected

An error occurred at line: [515] in the generated java file: [C:\Users\OSHADHA\IdeaProjects\OOP-projectnew\work\Catalina\localhost\OOP-projectnew\org\apache\jsp\front_jsp.java]
_jspx_page_context cannot be resolved to a variable

Stacktrace:
		at org.apache.jasper.compiler.DefaultErrorHandler.javacError(DefaultErrorHandler.java:72)
		at org.apache.jasper.compiler.ErrorDispatcher.javacError(ErrorDispatcher.java:192)
		at org.apache.jasper.compiler.JDTCompiler.generateClass(JDTCompiler.java:542)
		at org.apache.jasper.compiler.Compiler.compile(Compiler.java:371)
		at org.apache.jasper.compiler.Compiler.compile(Compiler.java:343)
		at org.apache.jasper.compiler.Compiler.compile(Compiler.java:329)
		at org.apache.jasper.JspCompilationContext.compile(JspCompilationContext.java:603)
		at org.apache.jasper.servlet.JspServletWrapper.service(JspServletWrapper.java:399)
		at org.apache.jasper.servlet.JspServlet.serviceJspFile(JspServlet.java:376)
		at org.apache.jasper.servlet.JspServlet.service(JspServlet.java:324)
		at javax.servlet.http.HttpServlet.service(HttpServlet.java:623)
		at org.apache.catalina.core.ApplicationFilterChain.internalDoFilter(ApplicationFilterChain.java:199)
		at org.apache.catalina.core.ApplicationFilterChain.doFilter(ApplicationFilterChain.java:144)
		at org.apache.tomcat.websocket.server.WsFilter.doFilter(WsFilter.java:51)
		at org.apache.catalina.core.ApplicationFilterChain.internalDoFilter(ApplicationFilterChain.java:168)
		at org.apache.catalina.core.ApplicationFilterChain.doFilter(ApplicationFilterChain.java:144)
		at org.apache.catalina.core.StandardWrapperValve.invoke(StandardWrapperValve.java:168)
		at org.apache.catalina.core.StandardContextValve.invoke(StandardContextValve.java:90)
		at org.apache.catalina.authenticator.AuthenticatorBase.invoke(AuthenticatorBase.java:482)
		at org.apache.catalina.core.StandardHostValve.invoke(StandardHostValve.java:130)
		at org.apache.catalina.valves.ErrorReportValve.invoke(ErrorReportValve.java:93)
		at org.apache.catalina.valves.AbstractAccessLogValve.invoke(AbstractAccessLogValve.java:660)
		at org.apache.catalina.core.StandardEngineValve.invoke(StandardEngineValve.java:74)
		at org.apache.catalina.connector.CoyoteAdapter.service(CoyoteAdapter.java:346)
		at org.apache.coyote.http11.Http11Processor.service(Http11Processor.java:396)
		at org.apache.coyote.AbstractProcessorLight.process(AbstractProcessorLight.java:63)
		at org.apache.coyote.AbstractProtocol$ConnectionHandler.process(AbstractProtocol.java:937)
		at org.apache.tomcat.util.net.NioEndpoint$SocketProcessor.doRun(NioEndpoint.java:1793)
		at org.apache.tomcat.util.net.SocketProcessorBase.run(SocketProcessorBase.java:52)
		at org.apache.tomcat.util.threads.ThreadPoolExecutor.runWorker(ThreadPoolExecutor.java:1190)
		at org.apache.tomcat.util.threads.ThreadPoolExecutor$Worker.run(ThreadPoolExecutor.java:659)
		at org.apache.tomcat.util.threads.TaskThread$WrappingRunnable.run(TaskThread.java:63)
		at java.base/java.lang.Thread.run(Thread.java:1570)
